<?xml version="1.0" encoding="UTF-8"?>
<testsuites name="jest tests" tests="1" failures="0" errors="0" time="56.673">
  <testsuite name="e2e/profile.e2e.js" errors="0" failures="0" skipped="0" timestamp="2025-12-17T12:22:59" time="56.254" tests="1">
    <testcase classname="Positive Flow - Profile Editing" name="should actually change name from John Doe to Purvi using inline editing" time="33.266">
    </testcase>
  </testsuite>
</testsuites>